// Jest Snapshot v1, https://goo.gl/fbAQLP

exports[`Pruebas en GifGridItem debe de mortrar el componente correctamente 1`] = `
<div
  className="card animate__animated animate__fadeIn"
>
  <img
    alt="Hello World"
    src="https://www.google.com"
  />
  <p>
    Hello World
  </p>
</div>
`;
